[INFO]
warning = This file is rewritten every time a feature is added
	and shows usage of each one
	columns are : source, total usage, last session usage

[VAR]
topfeatures = 
	/usr/local/bin/features/ini/mill/fv_SHCS_slot-arc.ini	2	0
	/usr/local/lib/linuxcnc-features/ini/mill/fv_design-cube.ini	0	0
	/usr/share/features/ini/mill/fv_polyline-arc-r.ini	0	0
	/usr/local/bin/features/ini/mill/fv_ttt.ini	1	0
	/usr/share/features/ini/fv_task.ini	0	0
	/home/fernand/linuxcnc-features/ini/mill/fv_rectangular-array.ini	6	0
	/home/fernand/linuxcnc-features/ini/mill/mz_engrave.ini	0	0
	/usr/local/bin/features/ini/fv_group.ini	0	0
	/home/fernand/linuxcnc-features/ini/mill/fv_polyline-arc.ini	33	0
	/home/fernand/linuxcnc-features/ini/mill/fv_SHCS.ini	6	0
	/usr/local/bin/features/ini/fv_task.ini	0	0
	/usr/local/lib/linuxcnc-features/ini/mill/fv_polyline-repeat.ini	0	0
	/usr/local/bin/features/ini/fv_probe-cube.ini	0	0
	/usr/local/bin/features/ini/fv_gcode.ini	0	0
	/usr/local/bin/features/ini/mill/fv_slot-2.ini	0	0
	/usr/share/features/ini/fv_probe-edge.ini	0	0
	/home/fernand/linuxcnc-features/ini/mill/fv_slot-2.ini	63	0
	/usr/share/features/ini/mill/fv_polyline-to.ini	0	0
	/usr/local/bin/features/ini/mill/fv_bolt-circle.ini	0	0
	/home/fernand/linuxcnc-features/ini/mill/fv_circle.ini	40	0
	/usr/share/features/ini/mill/fv_design-cube.ini	0	0
	/home/fernand/linuxcnc-features/ini/mill/fv_circular-array.ini	57	0
	/usr/local/lib/linuxcnc-features/ini/mill/fv_ttt.ini	0	0
	/home/fernand/linuxcnc-features/ini/mill/fv_linear-array.ini	7	0
	/usr/local/lib/linuxcnc-features/ini/mill/fv_circle.ini	0	0
	/usr/local/lib/linuxcnc-features/ini/mill/fv_polyline.ini	0	0
	/usr/local/lib/linuxcnc-features/ini/mill/fv_linear-array.ini	0	0
	/usr/local/lib/linuxcnc-features/ini/fv_probe-cube.ini	0	0
	/home/fernand/linuxcnc-features/ini/mill/fv_bolt-circle.ini	5	0
	/usr/share/features/ini/mill/fv_drill-one.ini	0	0
	/home/fernand/linuxcnc-features/ini/mill/fv_bolt-circle-irr.ini	11	0
	/usr/local/bin/features/ini/mill/fv_polyline-arc-ij.ini	0	0
	/usr/share/features/ini/fv_probe-hole.ini	0	0
	/usr/share/features/ini/fv_probe-array.ini	0	0
	/usr/share/features/ini/mill/fv_ellipse.ini	0	0
	/home/fernand/linuxcnc-features/ini/mill/fv_polygon.ini	2	0
	/usr/local/bin/features/ini/mill/fv_polyline-arc-r.ini	0	0
	/usr/share/features/ini/mill/fv_SHCS_slot.ini	0	0
	/usr/share/features/ini/mill/fv_ttt.ini	0	0
	/usr/local/lib/linuxcnc-features/ini/mill/fv_polyline-polar.ini	0	0
	/usr/local/lib/linuxcnc-features/ini/fv_probe-hole.ini	0	0
	/usr/local/bin/features/ini/mill/fv_design-cube.ini	0	0
	/usr/share/features/ini/mill/fv_rect.ini	0	0
	/usr/local/bin/features/ini/mill/fv_rectangular-array.ini	0	0
	/usr/local/lib/linuxcnc-features/ini/mill/fv_SHCS_slot2.ini	0	0
	/usr/share/features/ini/mill/fv_taper-hole.ini	0	0
	/home/fernand/linuxcnc-features/ini/mill/fv_slot.ini	18	0
	/home/fernand/linuxcnc-features/ini/mill/fv_ellipse.ini	10	0
	/usr/share/features/ini/fv_probe-cube.ini	0	0
	/home/fernand/linuxcnc-features/ini/mill/fv_polyline-arc-r.ini	4	0
	/usr/share/features/ini/fv_tool-change.ini	0	0
	/usr/share/features/ini/dsub.ini	1	0
	/home/fernand/linuxcnc-features/ini/mill/fv_SHCS1.ini	18	0
	/usr/local/bin/features/ini/fv_change-units.ini	1	0
	/usr/share/features/ini/mill/fv_bolt-circle-irr.ini	0	0
	/usr/share/features/ini/mill/fv_slot.ini	0	0
	/usr/local/bin/features/ini/fv_tool-change.ini	0	0
	/home/fernand/linuxcnc-features/ini/mill/fv_polyline-arc-ij.ini	3	0
	/home/fernand/linuxcnc-features/ini/mill/fv_SHCS_slot2.ini	8	0
	/home/fernand/linuxcnc-features/ini/mill/fv_oval.ini	0	0
	/usr/share/features/ini/mill/fv_polyline-arc-ij.ini	0	0
	/home/fernand/linuxcnc-features/ini/fv_probe-hole.ini	3	0
	/home/fernand/linuxcnc-features/ini/mill/fv_SHCSI.ini	0	0
	/usr/local/lib/linuxcnc-features/ini/mill/fv_polyline-arc-r.ini	0	0
	/home/fernand/linuxcnc-features/ini/mill/fv_polyline-arc2.ini	5	0
	/usr/share/features/ini/mill/fv_polyline-repeat.ini	0	0
	/usr/local/bin/features/ini/mill/fv_SHCS.ini	0	0
	/usr/local/bin/features/ini/mill/fv_circle.ini	0	0
	/usr/local/bin/features/ini/fv_probe-array.ini	0	0
	/home/fernand/linuxcnc-features/ini/mill/fv_design-cube.ini	3	0
	/usr/local/lib/linuxcnc-features/ini/fv_probe-array.ini	0	0
	/usr/local/lib/linuxcnc-features/ini/mill/fv_slot-2.ini	0	0
	/usr/local/bin/features/ini/dsub.ini	0	0
	/usr/local/bin/features/ini/mill/fv_polygon.ini	0	0
	/usr/share/features/ini/mill/fv_polyline.ini	0	0
	/usr/local/lib/linuxcnc-features/ini/mill/fv_polyline-corner.ini	0	0
	/home/fernand/linuxcnc-features/ini/mill/fv_polyline-polar.ini	23	0
	/usr/local/lib/linuxcnc-features/ini/mill/fv_taper-hole.ini	0	0
	/home/fernand/linuxcnc-features/ini/fv_change-units.ini	2	0
	/usr/local/lib/linuxcnc-features/ini/mill/fv_rectangular-array.ini	0	0
	/usr/local/lib/linuxcnc-features/ini/mill/fv_SHCS_slot-arc.ini	0	0
	/home/fernand/linuxcnc-features/ini/mill/fv_slot-arc.ini	22	0
	/usr/share/features/ini/mill/fv_circle-2.ini	0	0
	/usr/local/bin/features/ini/mill/fv_circular-array.ini	0	0
	/usr/share/features/ini/fv_change-units.ini	0	0
	/usr/local/lib/linuxcnc-features/ini/mill/fv_polyline-arc-ij.ini	0	0
	/usr/share/features/ini/fv_drill-change.ini	0	0
	/usr/local/bin/features/ini/mill/fv_linear-array.ini	0	0
	/home/fernand/linuxcnc-features/ini/mill/fv_polyline-to.ini	103	0
	/usr/local/bin/features/ini/mill/fv_polyline-corner.ini	0	0
	/usr/share/features/ini/mill/fv_polyline-corner.ini	0	0
	/usr/local/bin/features/ini/mill/fv_ellipse.ini	7	0
	/usr/local/bin/features/ini/mill/fv_bolt-circle-irr.ini	0	0
	/usr/local/bin/features/ini/mill/fv_polyline.ini	3	0
	/usr/share/features/ini/mill/fv_rectangular-array.ini	0	0
	/usr/local/lib/linuxcnc-features/ini/mill/fv_slot.ini	0	0
	/usr/local/bin/features/ini/mill/fv_polyline-to.ini	2	0
	/usr/share/features/ini/mill/mz_engrave.ini	4	0
	/usr/share/features/ini/mill/fv_SHCS_slot-arc.ini	0	0
	/usr/local/lib/linuxcnc-features/ini/mill/fv_SHCS.ini	0	0
	/usr/local/lib/linuxcnc-features/ini/mill/fv_polygon.ini	1	0
	/usr/local/bin/features/ini/mill/fv_SHCS_slot2.ini	2	0
	/usr/local/lib/linuxcnc-features/ini/fv_set-probing-params.ini	0	0
	/home/fernand/linuxcnc-features/ini/mill/fv_rect-2.ini	8	0
	/usr/share/features/ini/mill/fv_polyline-polar.ini	0	0
	/usr/share/features/ini/mill/fv_slot-2.ini	0	0
	/usr/local/bin/features/ini/fv_set-probing-params.ini	0	0
	/usr/local/lib/linuxcnc-features/ini/mill/fv_drill-one.ini	0	0
	/usr/local/bin/features/ini/mill/fv_drill-one.ini	0	0
	/usr/local/lib/linuxcnc-features/ini/mill/fv_circle-2.ini	0	0
	/home/fernand/linuxcnc-features/ini/mill/fv_polyline-corner.ini	32	0
	/usr/share/features/ini/mill/fv_polygon.ini	0	0
	/home/fernand/linuxcnc-features/ini/fv_probe-edge.ini	3	0
	/usr/local/lib/linuxcnc-features/ini/dsub.ini	0	0
	/home/fernand/linuxcnc-features/ini/dsub.ini	9	0
	/home/fernand/linuxcnc-features/ini/mill/fv_ttt.ini	0	0
	/usr/local/lib/linuxcnc-features/ini/fv_drill-change.ini	0	0
	/usr/local/bin/features/ini/mill/fv_rect-2.ini	0	0
	/usr/local/lib/linuxcnc-features/ini/mill/fv_bolt-circle.ini	0	0
	/usr/local/bin/features/ini/mill/fv_polyline-polar.ini	0	0
	/usr/local/lib/linuxcnc-features/ini/fv_probe-edge.ini	0	0
	/home/fernand/linuxcnc-features/ini/mill/fv_SHCS_slot-arc.ini	3	0
	/usr/local/lib/linuxcnc-features/ini/fv_task.ini	0	0
	/usr/local/bin/features/ini/mill/fv_slot.ini	0	0
	/usr/local/bin/features/ini/fv_drill-change.ini	0	0
	/usr/local/lib/linuxcnc-features/ini/mill/fv_polyline-to.ini	0	0
	/usr/local/lib/linuxcnc-features/ini/fv_gcode.ini	0	0
	/home/fernand/linuxcnc-features/ini/fv_task.ini	233	0
	/usr/local/lib/linuxcnc-features/ini/mill/fv_ellipse.ini	0	0
	/usr/local/bin/features/ini/mill/fv_SHCS_slot.ini	4	0
	/usr/share/features/ini/mill/fv_rect-2.ini	0	0
	/home/fernand/linuxcnc-features/ini/fv_set-probing-params.ini	2	0
	/home/fernand/linuxcnc-features/ini/fv_gcode.ini	2	0
	/home/fernand/linuxcnc-features/ini/mill/fv_rect.ini	105	0
	/home/fernand/linuxcnc-features/ini/mill/fv_polyline.ini	113	0
	/usr/local/lib/linuxcnc-features/ini/fv_change-units.ini	0	0
	/home/fernand/linuxcnc-features/ini/fv_group.ini	1	0
	/usr/local/lib/linuxcnc-features/ini/mill/fv_rect-2.ini	0	0
	/usr/share/features/ini/mill/fv_slot-arc.ini	0	0
	/home/fernand/linuxcnc-features/ini/mill/fv_taper-hole.ini	117	1
	/usr/local/bin/features/ini/mill/fv_taper-hole.ini	7	0
	/home/fernand/linuxcnc-features/ini/mill/fv_drill-one.ini	6	0
	/usr/local/lib/linuxcnc-features/ini/fv_group.ini	0	0
	/usr/share/features/ini/mill/fv_SHCS_slot2.ini	0	0
	/usr/local/bin/features/ini/mill/fv_circle-2.ini	5	0
	/usr/local/lib/linuxcnc-features/ini/mill/fv_SHCS_slot.ini	0	0
	/usr/local/bin/features/ini/mill/fv_rect.ini	0	0
	/home/fernand/linuxcnc-features/ini/fv_probe-cube.ini	3	0
	/usr/local/bin/features/ini/mill/fv_slot-arc.ini	0	0
	/usr/local/bin/features/ini/mill/fv_polyline-repeat.ini	0	0
	/usr/share/features/ini/fv_group.ini	0	0
	/usr/local/bin/features/ini/fv_probe-hole.ini	0	0
	/usr/local/lib/linuxcnc-features/ini/mill/fv_rect.ini	0	0
	/usr/share/features/ini/mill/fv_circle.ini	0	0
	/usr/share/features/ini/mill/fv_linear-array.ini	0	0
	/usr/local/lib/linuxcnc-features/ini/mill/mz_engrave.ini	0	0
	/usr/local/bin/features/ini/fv_probe-edge.ini	0	0
	/home/fernand/linuxcnc-features/ini/fv_tool-change.ini	116	0
	/usr/share/features/ini/mill/fv_SHCS.ini	0	0
	/usr/local/bin/features/ini/mill/mz_engrave.ini	0	0
	/home/fernand/linuxcnc-features/ini/fv_drill-change.ini	12	0
	/usr/local/lib/linuxcnc-features/ini/mill/fv_bolt-circle-irr.ini	0	0
	/home/fernand/linuxcnc-features/ini/mill/fv_SHCS_slot.ini	9	0
	/usr/share/features/ini/fv_gcode.ini	0	0
	/usr/share/features/ini/fv_set-probing-params.ini	0	0
	/usr/local/lib/linuxcnc-features/ini/mill/fv_slot-arc.ini	0	0
	/home/fernand/linuxcnc-features/ini/mill/fv_circle-2.ini	9	0
	/usr/local/lib/linuxcnc-features/ini/mill/fv_circular-array.ini	0	0
	/home/fernand/linuxcnc-features/ini/mill/fv_SHCSM.ini	0	0
	/home/fernand/linuxcnc-features/ini/fv_probe-array.ini	16	0
	/usr/local/lib/linuxcnc-features/ini/fv_tool-change.ini	0	0
	/usr/share/features/ini/mill/fv_circular-array.ini	0	0
	/usr/share/features/ini/mill/fv_bolt-circle.ini	0	0
	/home/fernand/linuxcnc-features/ini/mill/fv_polyline-repeat.ini	16	0

